// Jest Snapshot v1, https://goo.gl/fbAQLP

exports[`CSVFileParser.jsx Matches snapshot 1`] = `
ShallowWrapper {
  "length": 1,
  Symbol(enzyme.__root__): [Circular],
  Symbol(enzyme.__unrendered__): <CSVFileParser
    onLoad={[Function]}
  />,
  Symbol(enzyme.__renderer__): Object {
    "batchedUpdates": [Function],
    "getNode": [Function],
    "render": [Function],
    "simulateEvent": [Function],
    "unmount": [Function],
  },
  Symbol(enzyme.__node__): Object {
    "instance": null,
    "key": undefined,
    "nodeType": "host",
    "props": Object {
      "children": <div
        className="col-lg-12"
      >
        <t
          action="api/files/upload"
          config={
            Object {
              "iconFiletypes": Array [
                ".csv",
                ".tsv",
              ],
              "postUrl": "/",
              "showFiletypeIcon": true,
            }
          }
          djsConfig={
            Object {
              "autoProcessQueue": false,
              "dictDefaultMessage": "Drag and drop a .CSV file here to use as your data source",
            }
          }
          eventHandlers={
            Object {
              "addedfile": [Function],
              "init": [Function],
            }
          }
        />
      </div>,
      "className": "row",
    },
    "ref": null,
    "rendered": Object {
      "instance": null,
      "key": undefined,
      "nodeType": "host",
      "props": Object {
        "children": <t
          action="api/files/upload"
          config={
            Object {
              "iconFiletypes": Array [
                ".csv",
                ".tsv",
              ],
              "postUrl": "/",
              "showFiletypeIcon": true,
            }
          }
          djsConfig={
            Object {
              "autoProcessQueue": false,
              "dictDefaultMessage": "Drag and drop a .CSV file here to use as your data source",
            }
          }
          eventHandlers={
            Object {
              "addedfile": [Function],
              "init": [Function],
            }
          }
        />,
        "className": "col-lg-12",
      },
      "ref": null,
      "rendered": Object {
        "instance": null,
        "key": undefined,
        "nodeType": "class",
        "props": Object {
          "action": "api/files/upload",
          "config": Object {
            "iconFiletypes": Array [
              ".csv",
              ".tsv",
            ],
            "postUrl": "/",
            "showFiletypeIcon": true,
          },
          "djsConfig": Object {
            "autoProcessQueue": false,
            "dictDefaultMessage": "Drag and drop a .CSV file here to use as your data source",
          },
          "eventHandlers": Object {
            "addedfile": [Function],
            "init": [Function],
          },
        },
        "ref": null,
        "rendered": null,
        "type": [Function],
      },
      "type": "div",
    },
    "type": "div",
  },
  Symbol(enzyme.__nodes__): Array [
    Object {
      "instance": null,
      "key": undefined,
      "nodeType": "host",
      "props": Object {
        "children": <div
          className="col-lg-12"
        >
          <t
            action="api/files/upload"
            config={
              Object {
                "iconFiletypes": Array [
                  ".csv",
                  ".tsv",
                ],
                "postUrl": "/",
                "showFiletypeIcon": true,
              }
            }
            djsConfig={
              Object {
                "autoProcessQueue": false,
                "dictDefaultMessage": "Drag and drop a .CSV file here to use as your data source",
              }
            }
            eventHandlers={
              Object {
                "addedfile": [Function],
                "init": [Function],
              }
            }
          />
        </div>,
        "className": "row",
      },
      "ref": null,
      "rendered": Object {
        "instance": null,
        "key": undefined,
        "nodeType": "host",
        "props": Object {
          "children": <t
            action="api/files/upload"
            config={
              Object {
                "iconFiletypes": Array [
                  ".csv",
                  ".tsv",
                ],
                "postUrl": "/",
                "showFiletypeIcon": true,
              }
            }
            djsConfig={
              Object {
                "autoProcessQueue": false,
                "dictDefaultMessage": "Drag and drop a .CSV file here to use as your data source",
              }
            }
            eventHandlers={
              Object {
                "addedfile": [Function],
                "init": [Function],
              }
            }
          />,
          "className": "col-lg-12",
        },
        "ref": null,
        "rendered": Object {
          "instance": null,
          "key": undefined,
          "nodeType": "class",
          "props": Object {
            "action": "api/files/upload",
            "config": Object {
              "iconFiletypes": Array [
                ".csv",
                ".tsv",
              ],
              "postUrl": "/",
              "showFiletypeIcon": true,
            },
            "djsConfig": Object {
              "autoProcessQueue": false,
              "dictDefaultMessage": "Drag and drop a .CSV file here to use as your data source",
            },
            "eventHandlers": Object {
              "addedfile": [Function],
              "init": [Function],
            },
          },
          "ref": null,
          "rendered": null,
          "type": [Function],
        },
        "type": "div",
      },
      "type": "div",
    },
  ],
  Symbol(enzyme.__options__): Object {
    "adapter": ReactSixteenAdapter {
      "options": Object {
        "enableComponentDidUpdateOnSetState": true,
      },
    },
  },
}
`;
