// Jest Snapshot v1, https://goo.gl/fbAQLP

exports[`CSVPanel.jsx Matches snapshot 1`] = `
ShallowWrapper {
  "length": 1,
  Symbol(enzyme.__root__): [Circular],
  Symbol(enzyme.__unrendered__): <CSVPanel />,
  Symbol(enzyme.__renderer__): Object {
    "batchedUpdates": [Function],
    "getNode": [Function],
    "render": [Function],
    "simulateEvent": [Function],
    "unmount": [Function],
  },
  Symbol(enzyme.__node__): Object {
    "instance": null,
    "key": undefined,
    "nodeType": "host",
    "props": Object {
      "children": Array [
        <div
          className="col-lg-6"
        >
          <CSVFileParser
            onLoad={[Function]}
          />
        </div>,
        <div
          className="col-lg-12"
        >
          <TableExplorer
            data={Array []}
            shouldRunPCA={false}
            title="CSV Content"
          />
        </div>,
      ],
      "className": "row",
    },
    "ref": null,
    "rendered": Array [
      Object {
        "instance": null,
        "key": undefined,
        "nodeType": "host",
        "props": Object {
          "children": <CSVFileParser
            onLoad={[Function]}
          />,
          "className": "col-lg-6",
        },
        "ref": null,
        "rendered": Object {
          "instance": null,
          "key": undefined,
          "nodeType": "class",
          "props": Object {
            "onLoad": [Function],
          },
          "ref": null,
          "rendered": null,
          "type": [Function],
        },
        "type": "div",
      },
      Object {
        "instance": null,
        "key": undefined,
        "nodeType": "host",
        "props": Object {
          "children": <TableExplorer
            data={Array []}
            shouldRunPCA={false}
            title="CSV Content"
          />,
          "className": "col-lg-12",
        },
        "ref": null,
        "rendered": Object {
          "instance": null,
          "key": "0",
          "nodeType": "class",
          "props": Object {
            "data": Array [],
            "shouldRunPCA": false,
            "title": "CSV Content",
          },
          "ref": null,
          "rendered": null,
          "type": [Function],
        },
        "type": "div",
      },
    ],
    "type": "div",
  },
  Symbol(enzyme.__nodes__): Array [
    Object {
      "instance": null,
      "key": undefined,
      "nodeType": "host",
      "props": Object {
        "children": Array [
          <div
            className="col-lg-6"
          >
            <CSVFileParser
              onLoad={[Function]}
            />
          </div>,
          <div
            className="col-lg-12"
          >
            <TableExplorer
              data={Array []}
              shouldRunPCA={false}
              title="CSV Content"
            />
          </div>,
        ],
        "className": "row",
      },
      "ref": null,
      "rendered": Array [
        Object {
          "instance": null,
          "key": undefined,
          "nodeType": "host",
          "props": Object {
            "children": <CSVFileParser
              onLoad={[Function]}
            />,
            "className": "col-lg-6",
          },
          "ref": null,
          "rendered": Object {
            "instance": null,
            "key": undefined,
            "nodeType": "class",
            "props": Object {
              "onLoad": [Function],
            },
            "ref": null,
            "rendered": null,
            "type": [Function],
          },
          "type": "div",
        },
        Object {
          "instance": null,
          "key": undefined,
          "nodeType": "host",
          "props": Object {
            "children": <TableExplorer
              data={Array []}
              shouldRunPCA={false}
              title="CSV Content"
            />,
            "className": "col-lg-12",
          },
          "ref": null,
          "rendered": Object {
            "instance": null,
            "key": "0",
            "nodeType": "class",
            "props": Object {
              "data": Array [],
              "shouldRunPCA": false,
              "title": "CSV Content",
            },
            "ref": null,
            "rendered": null,
            "type": [Function],
          },
          "type": "div",
        },
      ],
      "type": "div",
    },
  ],
  Symbol(enzyme.__options__): Object {
    "adapter": ReactSixteenAdapter {
      "options": Object {
        "enableComponentDidUpdateOnSetState": true,
      },
    },
  },
}
`;
