// Jest Snapshot v1, https://goo.gl/fbAQLP

exports[`TableExplorer.jsx Matches snapshot 1`] = `
ShallowWrapper {
  "length": 1,
  Symbol(enzyme.__root__): [Circular],
  Symbol(enzyme.__unrendered__): <TableExplorer
    data={
      Array [
        Array [
          "header1",
          "header2",
          "header3",
        ],
        Array [
          11,
          21,
          31,
        ],
        Array [
          12,
          22,
          32,
        ],
        Array [
          13,
          23,
          33,
        ],
      ]
    }
    shouldRunPCA={false}
    title=""
  />,
  Symbol(enzyme.__renderer__): Object {
    "batchedUpdates": [Function],
    "getNode": [Function],
    "render": [Function],
    "simulateEvent": [Function],
    "unmount": [Function],
  },
  Symbol(enzyme.__node__): Object {
    "instance": null,
    "key": undefined,
    "nodeType": "host",
    "props": Object {
      "children": Array [
        <div
          className="col-lg-9"
        >
          <button
            className="btn btn-sm btn-info btn-run-pca"
            onClick={[Function]}
          >
            Run PCA
          </button>
        </div>,
        <div
          className="col-lg-12"
        >
          <TableExplorerTabStrip
            columns={
              Array [
                "header1",
                "header2",
                "header3",
              ]
            }
            data={
              Array [
                Object {
                  "header1": 11,
                  "header2": 21,
                  "header3": 31,
                },
                Object {
                  "header1": 12,
                  "header2": 22,
                  "header3": 32,
                },
                Object {
                  "header1": 13,
                  "header2": 23,
                  "header3": 33,
                },
              ]
            }
            fileId={0}
            pcaData={Object {}}
            reactTableColumns={
              Array [
                Object {
                  "Header": "header1",
                  "accessor": "header1",
                },
                Object {
                  "Header": "header2",
                  "accessor": "header2",
                },
                Object {
                  "Header": "header3",
                  "accessor": "header3",
                },
              ]
            }
            title=""
          />
        </div>,
      ],
      "className": "row",
    },
    "ref": null,
    "rendered": Array [
      Object {
        "instance": null,
        "key": undefined,
        "nodeType": "host",
        "props": Object {
          "children": <button
            className="btn btn-sm btn-info btn-run-pca"
            onClick={[Function]}
          >
            Run PCA
          </button>,
          "className": "col-lg-9",
        },
        "ref": null,
        "rendered": Object {
          "instance": null,
          "key": undefined,
          "nodeType": "host",
          "props": Object {
            "children": "Run PCA",
            "className": "btn btn-sm btn-info btn-run-pca",
            "onClick": [Function],
          },
          "ref": null,
          "rendered": "Run PCA",
          "type": "button",
        },
        "type": "div",
      },
      Object {
        "instance": null,
        "key": undefined,
        "nodeType": "host",
        "props": Object {
          "children": <TableExplorerTabStrip
            columns={
              Array [
                "header1",
                "header2",
                "header3",
              ]
            }
            data={
              Array [
                Object {
                  "header1": 11,
                  "header2": 21,
                  "header3": 31,
                },
                Object {
                  "header1": 12,
                  "header2": 22,
                  "header3": 32,
                },
                Object {
                  "header1": 13,
                  "header2": 23,
                  "header3": 33,
                },
              ]
            }
            fileId={0}
            pcaData={Object {}}
            reactTableColumns={
              Array [
                Object {
                  "Header": "header1",
                  "accessor": "header1",
                },
                Object {
                  "Header": "header2",
                  "accessor": "header2",
                },
                Object {
                  "Header": "header3",
                  "accessor": "header3",
                },
              ]
            }
            title=""
          />,
          "className": "col-lg-12",
        },
        "ref": null,
        "rendered": Object {
          "instance": null,
          "key": undefined,
          "nodeType": "function",
          "props": Object {
            "columns": Array [
              "header1",
              "header2",
              "header3",
            ],
            "data": Array [
              Object {
                "header1": 11,
                "header2": 21,
                "header3": 31,
              },
              Object {
                "header1": 12,
                "header2": 22,
                "header3": 32,
              },
              Object {
                "header1": 13,
                "header2": 23,
                "header3": 33,
              },
            ],
            "fileId": 0,
            "pcaData": Object {},
            "reactTableColumns": Array [
              Object {
                "Header": "header1",
                "accessor": "header1",
              },
              Object {
                "Header": "header2",
                "accessor": "header2",
              },
              Object {
                "Header": "header3",
                "accessor": "header3",
              },
            ],
            "title": "",
          },
          "ref": null,
          "rendered": null,
          "type": [Function],
        },
        "type": "div",
      },
    ],
    "type": "div",
  },
  Symbol(enzyme.__nodes__): Array [
    Object {
      "instance": null,
      "key": undefined,
      "nodeType": "host",
      "props": Object {
        "children": Array [
          <div
            className="col-lg-9"
          >
            <button
              className="btn btn-sm btn-info btn-run-pca"
              onClick={[Function]}
            >
              Run PCA
            </button>
          </div>,
          <div
            className="col-lg-12"
          >
            <TableExplorerTabStrip
              columns={
                Array [
                  "header1",
                  "header2",
                  "header3",
                ]
              }
              data={
                Array [
                  Object {
                    "header1": 11,
                    "header2": 21,
                    "header3": 31,
                  },
                  Object {
                    "header1": 12,
                    "header2": 22,
                    "header3": 32,
                  },
                  Object {
                    "header1": 13,
                    "header2": 23,
                    "header3": 33,
                  },
                ]
              }
              fileId={0}
              pcaData={Object {}}
              reactTableColumns={
                Array [
                  Object {
                    "Header": "header1",
                    "accessor": "header1",
                  },
                  Object {
                    "Header": "header2",
                    "accessor": "header2",
                  },
                  Object {
                    "Header": "header3",
                    "accessor": "header3",
                  },
                ]
              }
              title=""
            />
          </div>,
        ],
        "className": "row",
      },
      "ref": null,
      "rendered": Array [
        Object {
          "instance": null,
          "key": undefined,
          "nodeType": "host",
          "props": Object {
            "children": <button
              className="btn btn-sm btn-info btn-run-pca"
              onClick={[Function]}
            >
              Run PCA
            </button>,
            "className": "col-lg-9",
          },
          "ref": null,
          "rendered": Object {
            "instance": null,
            "key": undefined,
            "nodeType": "host",
            "props": Object {
              "children": "Run PCA",
              "className": "btn btn-sm btn-info btn-run-pca",
              "onClick": [Function],
            },
            "ref": null,
            "rendered": "Run PCA",
            "type": "button",
          },
          "type": "div",
        },
        Object {
          "instance": null,
          "key": undefined,
          "nodeType": "host",
          "props": Object {
            "children": <TableExplorerTabStrip
              columns={
                Array [
                  "header1",
                  "header2",
                  "header3",
                ]
              }
              data={
                Array [
                  Object {
                    "header1": 11,
                    "header2": 21,
                    "header3": 31,
                  },
                  Object {
                    "header1": 12,
                    "header2": 22,
                    "header3": 32,
                  },
                  Object {
                    "header1": 13,
                    "header2": 23,
                    "header3": 33,
                  },
                ]
              }
              fileId={0}
              pcaData={Object {}}
              reactTableColumns={
                Array [
                  Object {
                    "Header": "header1",
                    "accessor": "header1",
                  },
                  Object {
                    "Header": "header2",
                    "accessor": "header2",
                  },
                  Object {
                    "Header": "header3",
                    "accessor": "header3",
                  },
                ]
              }
              title=""
            />,
            "className": "col-lg-12",
          },
          "ref": null,
          "rendered": Object {
            "instance": null,
            "key": undefined,
            "nodeType": "function",
            "props": Object {
              "columns": Array [
                "header1",
                "header2",
                "header3",
              ],
              "data": Array [
                Object {
                  "header1": 11,
                  "header2": 21,
                  "header3": 31,
                },
                Object {
                  "header1": 12,
                  "header2": 22,
                  "header3": 32,
                },
                Object {
                  "header1": 13,
                  "header2": 23,
                  "header3": 33,
                },
              ],
              "fileId": 0,
              "pcaData": Object {},
              "reactTableColumns": Array [
                Object {
                  "Header": "header1",
                  "accessor": "header1",
                },
                Object {
                  "Header": "header2",
                  "accessor": "header2",
                },
                Object {
                  "Header": "header3",
                  "accessor": "header3",
                },
              ],
              "title": "",
            },
            "ref": null,
            "rendered": null,
            "type": [Function],
          },
          "type": "div",
        },
      ],
      "type": "div",
    },
  ],
  Symbol(enzyme.__options__): Object {
    "adapter": ReactSixteenAdapter {
      "options": Object {
        "enableComponentDidUpdateOnSetState": true,
      },
    },
  },
}
`;
